[INFO] Scanning for projects...
[INFO] 
[INFO] --------< com.railway.digitaltwin:railway-digital-twin-backend >--------
[INFO] Building Railway Digital Twin Backend 0.0.1-SNAPSHOT
[INFO]   from pom.xml
[INFO] --------------------------------[ jar ]---------------------------------
[INFO] 
[INFO] >>> spring-boot:4.0.2:run (default-cli) > test-compile @ railway-digital-twin-backend >>>
[INFO] 
[INFO] --- resources:3.3.1:resources (default-resources) @ railway-digital-twin-backend ---
[INFO] Copying 1 resource from src\main\resources to target\classes
[INFO] Copying 0 resource from src\main\resources to target\classes
[INFO] 
[INFO] --- compiler:3.14.1:compile (default-compile) @ railway-digital-twin-backend ---
[INFO] Nothing to compile - all classes are up to date.
[INFO] 
[INFO] --- resources:3.3.1:testResources (default-testResources) @ railway-digital-twin-backend ---
[INFO] skip non existing resourceDirectory C:\Users\smyys\Projects\railway_digital_twin\railway-digital-twin-backend\src\test\resources
[INFO] 
[INFO] --- compiler:3.14.1:testCompile (default-testCompile) @ railway-digital-twin-backend ---
[INFO] Nothing to compile - all classes are up to date.
[INFO] 
[INFO] <<< spring-boot:4.0.2:run (default-cli) < test-compile @ railway-digital-twin-backend <<<
[INFO] 
[INFO] 
[INFO] --- spring-boot:4.0.2:run (default-cli) @ railway-digital-twin-backend ---
[INFO] Attaching agents: []

  .   ____          _            __ _ _
 /\\ / ___'_ __ _ _(_)_ __  __ _ \ \ \ \
( ( )\___ | '_ | '_| | '_ \/ _` | \ \ \ \
 \\/  ___)| |_)| | | | | || (_| |  ) ) ) )
  '  |____| .__|_| |_|_| |_\__, | / / / /
 =========|_|==============|___/=/_/_/_/

 :: Spring Boot ::                (v4.0.2)

2026-03-09T09:28:29.837+03:00  INFO 7416 --- [Railway Digital Twin Backend] [           main] r.d.RailwayDigitalTwinBackendApplication : Starting RailwayDigitalTwinBackendApplication using Java 21.0.10 with PID 7416 (C:\Users\smyys\Projects\railway_digital_twin\railway-digital-twin-backend\target\classes started by smyys in C:\Users\smyys\Projects\railway_digital_twin\railway-digital-twin-backend)
2026-03-09T09:28:29.843+03:00  INFO 7416 --- [Railway Digital Twin Backend] [           main] r.d.RailwayDigitalTwinBackendApplication : No active profile set, falling back to 1 default profile: "default"
2026-03-09T09:28:30.658+03:00  INFO 7416 --- [Railway Digital Twin Backend] [           main] .s.d.r.c.RepositoryConfigurationDelegate : Bootstrapping Spring Data JPA repositories in DEFAULT mode.
2026-03-09T09:28:30.684+03:00  INFO 7416 --- [Railway Digital Twin Backend] [           main] .s.d.r.c.RepositoryConfigurationDelegate : Finished Spring Data repository scanning in 14 ms. Found 0 JPA repository interfaces.
2026-03-09T09:28:31.296+03:00  INFO 7416 --- [Railway Digital Twin Backend] [           main] o.s.boot.tomcat.TomcatWebServer          : Tomcat initialized with port 8080 (http)
2026-03-09T09:28:31.315+03:00  INFO 7416 --- [Railway Digital Twin Backend] [           main] o.apache.catalina.core.StandardService   : Starting service [Tomcat]
2026-03-09T09:28:31.315+03:00  INFO 7416 --- [Railway Digital Twin Backend] [           main] o.apache.catalina.core.StandardEngine    : Starting Servlet engine: [Apache Tomcat/11.0.15]
2026-03-09T09:28:31.390+03:00  INFO 7416 --- [Railway Digital Twin Backend] [           main] b.w.c.s.WebApplicationContextInitializer : Root WebApplicationContext: initialization completed in 1472 ms
2026-03-09T09:28:31.489+03:00  WARN 7416 --- [Railway Digital Twin Backend] [           main] ConfigServletWebServerApplicationContext : Exception encountered during context initialization - cancelling refresh attempt: org.springframework.beans.factory.BeanCreationException: Error creating bean with name 'entityManagerFactory' defined in class path resource [org/springframework/boot/hibernate/autoconfigure/HibernateJpaConfiguration.class]: Failed to initialize dependency 'dataSourceScriptDatabaseInitializer' of LoadTimeWeaverAware bean 'entityManagerFactory': Error creating bean with name 'dataSourceScriptDatabaseInitializer' defined in class path resource [org/springframework/boot/jdbc/autoconfigure/DataSourceInitializationAutoConfiguration.class]: Unsatisfied dependency expressed through method 'dataSourceScriptDatabaseInitializer' parameter 0: Error creating bean with name 'dataSource' defined in class path resource [org/springframework/boot/jdbc/autoconfigure/DataSourceConfiguration$Hikari.class]: Failed to instantiate [com.zaxxer.hikari.HikariDataSource]: Factory method 'dataSource' threw exception with message: Failed to determine a suitable driver class
2026-03-09T09:28:31.494+03:00  INFO 7416 --- [Railway Digital Twin Backend] [           main] o.apache.catalina.core.StandardService   : Stopping service [Tomcat]
2026-03-09T09:28:31.508+03:00  INFO 7416 --- [Railway Digital Twin Backend] [           main] .s.b.a.l.ConditionEvaluationReportLogger : 

Error starting ApplicationContext. To display the condition evaluation report re-run your application with 'debug' enabled.
2026-03-09T09:28:31.529+03:00 ERROR 7416 --- [Railway Digital Twin Backend] [           main] o.s.b.d.LoggingFailureAnalysisReporter   : 

***************************
APPLICATION FAILED TO START
***************************

Description:

Failed to configure a DataSource: 'url' attribute is not specified and no embedded datasource could be configured.

Reason: Failed to determine a suitable driver class


Action:

Consider the following:
	If you want an embedded database (H2, HSQL or Derby), please put it on the classpath.
	If you have database settings to be loaded from a particular profile you may need to activate it (no profiles are currently active).

[INFO] ------------------------------------------------------------------------
[INFO] BUILD FAILURE
[INFO] ------------------------------------------------------------------------
[INFO] Total time:  5.378 s
[INFO] Finished at: 2026-03-09T09:28:31+03:00
[INFO] ------------------------------------------------------------------------
[ERROR] Failed to execute goal org.springframework.boot:spring-boot-maven-plugin:4.0.2:run (default-cli) on project railway-digital-twin-backend: Process terminated with exit code: 1 -> [Help 1]
[ERROR] 
[ERROR] To see the full stack trace of the errors, re-run Maven with the -e switch.
[ERROR] Re-run Maven using the -X switch to enable full debug logging.
[ERROR] 
[ERROR] For more information about the errors and possible solutions, please read the following articles:
[ERROR] [Help 1] http://cwiki.apache.org/confluence/display/MAVEN/MojoExecutionException
