[INFO] Scanning for projects...
[INFO] 
[INFO] --------< com.railway.digitaltwin:railway-digital-twin-backend >--------
[INFO] Building Railway Digital Twin Backend 0.0.1-SNAPSHOT
[INFO]   from pom.xml
[INFO] --------------------------------[ jar ]---------------------------------
[INFO] 
[INFO] >>> spring-boot:4.0.2:run (default-cli) > test-compile @ railway-digital-twin-backend >>>
[INFO] 
[INFO] --- resources:3.3.1:resources (default-resources) @ railway-digital-twin-backend ---
[INFO] Copying 2 resources from src\main\resources to target\classes
[INFO] Copying 0 resource from src\main\resources to target\classes
[INFO] 
[INFO] --- compiler:3.14.1:compile (default-compile) @ railway-digital-twin-backend ---
[INFO] Nothing to compile - all classes are up to date.
[INFO] 
[INFO] --- resources:3.3.1:testResources (default-testResources) @ railway-digital-twin-backend ---
[INFO] skip non existing resourceDirectory C:\Users\smyys\Projects\railway_digital_twin\railway-digital-twin-backend\src\test\resources
[INFO] 
[INFO] --- compiler:3.14.1:testCompile (default-testCompile) @ railway-digital-twin-backend ---
[INFO] Nothing to compile - all classes are up to date.
[INFO] 
[INFO] <<< spring-boot:4.0.2:run (default-cli) < test-compile @ railway-digital-twin-backend <<<
[INFO] 
[INFO] 
[INFO] --- spring-boot:4.0.2:run (default-cli) @ railway-digital-twin-backend ---
[INFO] Attaching agents: []

  .   ____          _            __ _ _
 /\\ / ___'_ __ _ _(_)_ __  __ _ \ \ \ \
( ( )\___ | '_ | '_| | '_ \/ _` | \ \ \ \
 \\/  ___)| |_)| | | | | || (_| |  ) ) ) )
  '  |____| .__|_| |_|_| |_\__, | / / / /
 =========|_|==============|___/=/_/_/_/

 :: Spring Boot ::                (v4.0.2)

2026-03-26T12:03:09.359+03:00  INFO 2352 --- [Railway Digital Twin Backend] [           main] r.d.RailwayDigitalTwinBackendApplication : Starting RailwayDigitalTwinBackendApplication using Java 21.0.10 with PID 2352 (C:\Users\smyys\Projects\railway_digital_twin\railway-digital-twin-backend\target\classes started by smyys in C:\Users\smyys\Projects\railway_digital_twin\railway-digital-twin-backend)
2026-03-26T12:03:09.363+03:00 DEBUG 2352 --- [Railway Digital Twin Backend] [           main] r.d.RailwayDigitalTwinBackendApplication : Running with Spring Boot v4.0.2, Spring v7.0.3
2026-03-26T12:03:09.363+03:00  INFO 2352 --- [Railway Digital Twin Backend] [           main] r.d.RailwayDigitalTwinBackendApplication : No active profile set, falling back to 1 default profile: "default"
2026-03-26T12:03:10.129+03:00  INFO 2352 --- [Railway Digital Twin Backend] [           main] .s.d.r.c.RepositoryConfigurationDelegate : Bootstrapping Spring Data JPA repositories in DEFAULT mode.
2026-03-26T12:03:10.163+03:00  INFO 2352 --- [Railway Digital Twin Backend] [           main] .s.d.r.c.RepositoryConfigurationDelegate : Finished Spring Data repository scanning in 16 ms. Found 0 JPA repository interfaces.
2026-03-26T12:03:10.759+03:00  INFO 2352 --- [Railway Digital Twin Backend] [           main] o.s.boot.tomcat.TomcatWebServer          : Tomcat initialized with port 8080 (http)
2026-03-26T12:03:10.778+03:00  INFO 2352 --- [Railway Digital Twin Backend] [           main] o.apache.catalina.core.StandardService   : Starting service [Tomcat]
2026-03-26T12:03:10.780+03:00  INFO 2352 --- [Railway Digital Twin Backend] [           main] o.apache.catalina.core.StandardEngine    : Starting Servlet engine: [Apache Tomcat/11.0.15]
2026-03-26T12:03:10.856+03:00  INFO 2352 --- [Railway Digital Twin Backend] [           main] b.w.c.s.WebApplicationContextInitializer : Root WebApplicationContext: initialization completed in 1424 ms
2026-03-26T12:03:11.048+03:00  INFO 2352 --- [Railway Digital Twin Backend] [           main] org.hibernate.orm.jpa                    : HHH008540: Processing PersistenceUnitInfo [name: default]
2026-03-26T12:03:11.120+03:00  INFO 2352 --- [Railway Digital Twin Backend] [           main] org.hibernate.orm.core                   : HHH000001: Hibernate ORM core version 7.2.1.Final
2026-03-26T12:03:11.740+03:00  INFO 2352 --- [Railway Digital Twin Backend] [           main] o.s.o.j.p.SpringPersistenceUnitInfo      : No LoadTimeWeaver setup: ignoring JPA class transformer
2026-03-26T12:03:11.779+03:00  INFO 2352 --- [Railway Digital Twin Backend] [           main] com.zaxxer.hikari.HikariDataSource       : HikariPool-1 - Starting...
2026-03-26T12:03:11.945+03:00  INFO 2352 --- [Railway Digital Twin Backend] [           main] com.zaxxer.hikari.pool.HikariPool        : HikariPool-1 - Added connection org.postgresql.jdbc.PgConnection@23ec2bdc
2026-03-26T12:03:11.948+03:00  INFO 2352 --- [Railway Digital Twin Backend] [           main] com.zaxxer.hikari.HikariDataSource       : HikariPool-1 - Start completed.
2026-03-26T12:03:11.985+03:00  WARN 2352 --- [Railway Digital Twin Backend] [           main] org.hibernate.orm.deprecation            : HHH90000025: PostgreSQLDialect does not need to be specified explicitly using 'hibernate.dialect' (remove the property setting and it will be selected by default)
2026-03-26T12:03:12.019+03:00  INFO 2352 --- [Railway Digital Twin Backend] [           main] org.hibernate.orm.connections.pooling    : HHH10001005: Database info:
	Database JDBC URL [jdbc:postgresql://localhost:5432/railway_dt]
	Database driver: PostgreSQL JDBC Driver
	Database dialect: PostgreSQLDialect
	Database version: 18.3
	Default catalog/schema: railway_dt/public
	Autocommit mode: undefined/unknown
	Isolation level: READ_COMMITTED [default READ_COMMITTED]
	JDBC fetch size: none
	Pool: DataSourceConnectionProvider
	Minimum pool size: undefined/unknown
	Maximum pool size: undefined/unknown
2026-03-26T12:03:12.494+03:00  INFO 2352 --- [Railway Digital Twin Backend] [           main] org.hibernate.orm.core                   : HHH000489: No JTA platform available (set 'hibernate.transaction.jta.platform' to enable JTA platform integration)
2026-03-26T12:03:12.501+03:00  INFO 2352 --- [Railway Digital Twin Backend] [           main] j.LocalContainerEntityManagerFactoryBean : Initialized JPA EntityManagerFactory for persistence unit 'default'
2026-03-26T12:03:12.589+03:00  WARN 2352 --- [Railway Digital Twin Backend] [           main] JpaBaseConfiguration$JpaWebConfiguration : spring.jpa.open-in-view is enabled by default. Therefore, database queries may be performed during view rendering. Explicitly configure spring.jpa.open-in-view to disable this warning
2026-03-26T12:03:12.747+03:00 DEBUG 2352 --- [Railway Digital Twin Backend] [           main] s.w.s.m.m.a.RequestMappingHandlerMapping : 3 mappings in 'requestMappingHandlerMapping'
2026-03-26T12:03:12.769+03:00 DEBUG 2352 --- [Railway Digital Twin Backend] [           main] o.s.w.s.handler.SimpleUrlHandlerMapping  : Patterns [/webjars/**, /**] in 'resourceHandlerMapping'
2026-03-26T12:03:12.801+03:00 DEBUG 2352 --- [Railway Digital Twin Backend] [           main] s.w.s.m.m.a.RequestMappingHandlerAdapter : ControllerAdvice beans: 0 @ModelAttribute, 0 @InitBinder, 2 RequestBodyAdvice, 1 ResponseBodyAdvice
2026-03-26T12:03:12.852+03:00 DEBUG 2352 --- [Railway Digital Twin Backend] [           main] .m.m.a.ExceptionHandlerExceptionResolver : ControllerAdvice beans: 0 @ExceptionHandler, 1 ResponseBodyAdvice
2026-03-26T12:03:12.936+03:00  WARN 2352 --- [Railway Digital Twin Backend] [           main] .s.a.UserDetailsServiceAutoConfiguration : 

Using generated security password: c87db9be-a7d7-425e-9231-6ae1378ea5b4

This generated password is for development use only. Your security configuration must be updated before running your application in production.

2026-03-26T12:03:12.979+03:00  INFO 2352 --- [Railway Digital Twin Backend] [           main] r$InitializeUserDetailsManagerConfigurer : Global AuthenticationManager configured with UserDetailsService bean with name inMemoryUserDetailsManager
2026-03-26T12:03:13.151+03:00  INFO 2352 --- [Railway Digital Twin Backend] [           main] o.s.boot.tomcat.TomcatWebServer          : Tomcat started on port 8080 (http) with context path '/api'
2026-03-26T12:03:13.159+03:00  INFO 2352 --- [Railway Digital Twin Backend] [           main] r.d.RailwayDigitalTwinBackendApplication : Started RailwayDigitalTwinBackendApplication in 4.482 seconds (process running for 4.993)
